(---------------------------------------------------------------------)
(                                                                     )
(    Dangling Line, Via and Antenna Report                            )
(                                                                     )
(    Drawing          : radiotelescope.brd                            )
(    Software Version : 17.4S035                                      )
(    Date/Time        : Wed Apr 19 22:30:00 2023                      )
(                                                                     )
(---------------------------------------------------------------------)


Report methodology:
  - Dangling lines have at least one end not connected.
  - Dangling vias have one or no connection
      - Plus are not a test, thieving or netshort property via.
  - Antenna vias do not have connections on their start and end layers.
      - Plus they are not a thieving vias.
      - Optionally, VOLTAGE nets, testvias and through vias can be suppressed with
        the environment variable report_antennavia.
      - Section may be suppressed by variable report_noantennavia.
  - Not part of the current partition.
  - To suppress items in dangle report add the OK_DANGLE property to the via
    or connect line.

<< Dangling Lines >>  - Location marked with a star (*) is dangling.
  Net                 Layer                  Length       Location
  ------------------------------------------------------------------------------------------
  N43806               TOP                    40.00     *(2060.00 -685.00) to  (2100.00 -685.00)
  N120971              TOP                     9.44     *(924.05 -341.95) to  (925.00 -351.00)
  N101120              TOP                    30.00     *(-2520.00 230.00) to  (-2490.00 230.00)
  AZ_M-                TOP                   123.99     *(1975.00 1400.00) to  (1880.00 1330.00)
  AZ_M+                TOP                   109.85     *(2225.00 800.00) to  (2310.00 860.00)
  AZ_M+                TOP                   134.85     *(1725.00 800.00) to  (1835.00 860.00)
  N60320               TOP                    12.50      (-1127.50 -1325.00) to *(-1140.00 -1325.00)
  0                    TOP                   154.01      (-1917.72 1512.80) to *(-1850.00 1410.00)

<< Summary >>
  Total dangling lines:       8
  Total dangling vias:        0
  Total antenna vias:         0
