(---------------------------------------------------------------------)
(                                                                     )
(    Dangling Line, Via and Antenna Report                            )
(                                                                     )
(    Drawing          : radiotelescope.brd                            )
(    Software Version : 17.4S035                                      )
(    Date/Time        : Fri Feb  3 17:24:04 2023                      )
(                                                                     )
(---------------------------------------------------------------------)


Report methodology:
  - Dangling lines have at least one end not connected.
  - Dangling vias have one or no connection
      - Plus are not a test, thieving or netshort property via.
  - Antenna vias do not have connections on their start and end layers.
      - Plus they are not a thieving vias.
      - Optionally, VOLTAGE nets, testvias and through vias can be suppressed with
        the environment variable report_antennavia.
      - Section may be suppressed by variable report_noantennavia.
  - Not part of the current partition.
  - To suppress items in dangle report add the OK_DANGLE property to the via
    or connect line.

<< Dangling Lines >>  - Location marked with a star (*) is dangling.
  Net                 Layer                  Length       Location
  ------------------------------------------------------------------------------------------
  +24V                 TOP                    84.85      (1900.00 375.00) to *(1840.00 315.00)
  EL_M+                TOP                    25.00     *(1840.00 -1255.00) to  (1840.00 -1280.00)
  EL_M+                TOP                    25.00      (2340.00 -1280.00) to *(2340.00 -1255.00)
  EL_M+                TOP                    25.00      (2340.00 -1280.00) to *(2365.00 -1280.00)
  EL_M-                TOP                    30.00      (2360.00 -810.00) to *(2390.00 -810.00)
  EL_M-                TOP                     5.00     *(2360.00 -805.00) to  (2360.00 -810.00)
  EL_M-                TOP                    30.00     *(1890.00 -810.00) to  (1860.00 -810.00)
  EL_M-                TOP                    20.00      (1860.00 -810.00) to *(1860.00 -830.00)
  EL_M-                TOP                    20.00      (1860.00 -810.00) to *(1840.00 -810.00)
  AZ_M-                TOP                    20.00      (1860.00 1330.00) to *(1840.00 1330.00)
  AZ_M-                TOP                    20.00      (1860.00 1330.00) to *(1860.00 1310.00)
  AZ_M-                TOP                    30.00      (1860.00 1330.00) to *(1890.00 1330.00)
  AZ_M-                TOP                     5.00      (2360.00 1330.00) to *(2360.00 1335.00)
  AZ_M-                TOP                    30.00     *(2390.00 1330.00) to  (2360.00 1330.00)
  AZ_M+                TOP                    75.00      (2425.00 700.00) to *(2425.00 625.00)
  AZ_M+                TOP                    75.00      (1800.00 675.00) to *(1800.00 600.00)
  AZ_M+                TOP                     5.00      (2360.00 860.00) to *(2365.00 860.00)
  AZ_M+                TOP                    84.85     *(1835.00 760.00) to  (1775.00 700.00)
  AZ_M+                TOP                    94.85     *(1900.00 760.00) to  (1950.00 700.00)
  AZ_M+                TOP                   116.92     *(1885.00 760.00) to  (1975.00 825.00)
  AZ_M+                TOP                   141.92     *(2385.00 760.00) to  (2500.00 825.00)
  AZ_M+                TOP                     5.00      (2360.00 835.00) to *(2360.00 840.00)
  AZ_M+                TOP                     5.00     *(2360.00 855.00) to  (2360.00 860.00)
  AZ_M+                TOP                    25.00     *(2000.00 700.00) to  (1975.00 700.00)
  AZ_M+                TOP                    84.85     *(1860.00 735.00) to  (1800.00 675.00)
  AZ_M+                TOP                    25.00     *(1840.00 885.00) to  (1840.00 860.00)
  AZ_M+                TOP                    25.00     *(2340.00 885.00) to  (2340.00 860.00)
  N32112               TOP                   176.87      (2425.00 350.00) to *(2457.02 290.00)
  N32112               TOP                    50.00     *(2475.00 350.00) to  (2425.00 350.00)
  N32112               TOP                    84.85      (2400.00 375.00) to *(2340.00 315.00)
  Not a Net            TOP                     5.00     *(2360.00 845.00) to *(2360.00 850.00)
  Not a Net            TOP                     5.00     *(2360.00 825.00) to *(2360.00 830.00)
  Not a Net            TOP                    42.43     *(1840.00 760.00) to *(1810.00 790.00)
  Not a Net            TOP                    50.00     *(1775.00 825.00) to *(1725.00 825.00)
  Not a Net            TOP                    75.00     *(2300.00 825.00) to *(2225.00 825.00)
  Not a Net            TOP                     7.07     *(2340.00 785.00) to *(2335.00 790.00)
  Not a Net            TOP                     5.00     *(2360.00 770.00) to *(2360.00 765.00)
  Not a Net            TOP                     5.00     *(2360.00 815.00) to *(2360.00 820.00)
  Not a Net            TOP                     5.00     *(2360.00 805.00) to *(2360.00 810.00)
  Not a Net            TOP                     5.00     *(2360.00 795.00) to *(2360.00 800.00)
  Not a Net            TOP                     5.00     *(2360.00 785.00) to *(2360.00 790.00)
  Not a Net            TOP                     5.00     *(2360.00 775.00) to *(2360.00 780.00)
  Not a Net            TOP                     5.00     *(2360.00 875.00) to *(2360.00 880.00)
  Not a Net            TOP                     5.00     *(2360.00 865.00) to *(2360.00 870.00)
  Not a Net            TOP                   166.92     *(1925.00 600.00) to *(1860.00 740.00)
  Not a Net            TOP                    42.43     *(1840.00 310.00) to *(1810.00 340.00)
  Not a Net            TOP                   141.92     *(1840.00 290.00) to *(1725.00 225.00)

<< Summary >>
  Total dangling lines:      47
  Total dangling vias:        0
  Total antenna vias:         0
